// Jest Snapshot v1, https://goo.gl/fbAQLP

exports[`Flightboard Clock renders correctly 1`] = `
<span
  id="clock"
>
  10:48:42 AM
</span>
`;
